INFO     mypy.apps.douyin2douyin.main:main.py:30 🟢 正在使用 [cookie_asdf.txt] 发布作品，当前账号排序: [1]
INFO     mypy.apps.douyin2douyin.hot_douyin_handler:hot_douyin_handler.py:256 🟢 —来自：音乐榜单的第45个音乐《等你的回答-TF三代合唱》
INFO     mypy.apps.douyin2douyin.hot_douyin_handler:hot_douyin_handler.py:258 🟢 music_id: 7385503319592028937
ERROR    mypy.apps.douyin2douyin.hot_douyin_handler:hot_douyin_handler.py:166 🔴 出现错误: ('Connection broken: IncompleteRead(0 bytes read, 42 more expected)', IncompleteRead(0 bytes read, 42 more expected))
Traceback (most recent call last):
  File "/opt/hostedtoolcache/Python/3.9.19/x64/lib/python3.9/site-packages/urllib3/response.py", line 748, in _error_catcher
    yield
  File "/opt/hostedtoolcache/Python/3.9.19/x64/lib/python3.9/site-packages/urllib3/response.py", line 894, in _raw_read
    raise IncompleteRead(self._fp_bytes_read, self.length_remaining)
urllib3.exceptions.IncompleteRead: IncompleteRead(0 bytes read, 42 more expected)

The above exception was the direct cause of the following exception:

Traceback (most recent call last):
  File "/opt/hostedtoolcache/Python/3.9.19/x64/lib/python3.9/site-packages/requests/models.py", line 820, in generate
    yield from self.raw.stream(chunk_size, decode_content=True)
  File "/opt/hostedtoolcache/Python/3.9.19/x64/lib/python3.9/site-packages/urllib3/response.py", line 1060, in stream
    data = self.read(amt=amt, decode_content=decode_content)
  File "/opt/hostedtoolcache/Python/3.9.19/x64/lib/python3.9/site-packages/urllib3/response.py", line 949, in read
    data = self._raw_read(amt)
  File "/opt/hostedtoolcache/Python/3.9.19/x64/lib/python3.9/site-packages/urllib3/response.py", line 902, in _raw_read
    self._fp.close()
  File "/opt/hostedtoolcache/Python/3.9.19/x64/lib/python3.9/contextlib.py", line 137, in __exit__
    self.gen.throw(typ, value, traceback)
  File "/opt/hostedtoolcache/Python/3.9.19/x64/lib/python3.9/site-packages/urllib3/response.py", line 772, in _error_catcher
    raise ProtocolError(arg, e) from e
urllib3.exceptions.ProtocolError: ('Connection broken: IncompleteRead(0 bytes read, 42 more expected)', IncompleteRead(0 bytes read, 42 more expected))

During handling of the above exception, another exception occurred:

Traceback (most recent call last):
  File "/home/runner/work/github-runner/github-runner/mypy/apps/douyin2douyin/hot_douyin_handler.py", line 132, in _get_douyin_music_video
    xbogus = self._get_web_xbogus(url)
  File "/home/runner/work/github-runner/github-runner/mypy/apps/douyin2douyin/hot_douyin_handler.py", line 95, in _get_web_xbogus
    resp = requests.post(url=spider_cfg.xbogus,
  File "/opt/hostedtoolcache/Python/3.9.19/x64/lib/python3.9/site-packages/requests/api.py", line 115, in post
    return request("post", url, data=data, json=json, **kwargs)
  File "/opt/hostedtoolcache/Python/3.9.19/x64/lib/python3.9/site-packages/requests/api.py", line 59, in request
    return session.request(method=method, url=url, **kwargs)
  File "/opt/hostedtoolcache/Python/3.9.19/x64/lib/python3.9/site-packages/requests/sessions.py", line 589, in request
    resp = self.send(prep, **send_kwargs)
  File "/opt/hostedtoolcache/Python/3.9.19/x64/lib/python3.9/site-packages/requests/sessions.py", line 746, in send
    r.content
  File "/opt/hostedtoolcache/Python/3.9.19/x64/lib/python3.9/site-packages/requests/models.py", line 902, in content
    self._content = b"".join(self.iter_content(CONTENT_CHUNK_SIZE)) or b""
  File "/opt/hostedtoolcache/Python/3.9.19/x64/lib/python3.9/site-packages/requests/models.py", line 822, in generate
    raise ChunkedEncodingError(e)
requests.exceptions.ChunkedEncodingError: ('Connection broken: IncompleteRead(0 bytes read, 42 more expected)', IncompleteRead(0 bytes read, 42 more expected))
ERROR    mypy.apps.douyin2douyin.hot_douyin_handler:hot_douyin_handler.py:269 🔴 获取热门视频失败: get_douyin_hot_music_video fail
Traceback (most recent call last):
  File "/home/runner/work/github-runner/github-runner/mypy/apps/douyin2douyin/hot_douyin_handler.py", line 261, in handle
    video_url = self._get_douyin_hot_music_video()
  File "/home/runner/work/github-runner/github-runner/mypy/apps/douyin2douyin/hot_douyin_handler.py", line 189, in _get_douyin_hot_music_video
    raise Exception('get_douyin_hot_music_video fail')
Exception: get_douyin_hot_music_video fail