INFO     mypy.apps.ppt2douyin.main:main.py:14 🟢 ====================
INFO     mypy.apps.ppt2douyin.main:main.py:15 🟢 pptx 转成视频
INFO     mypy.apps.ppt2douyin.main:main.py:16 🟢 ====================
INFO     mypy.apps.ppt2douyin.ppt2video:ppt2video.py:88 🟢 -----> 正在把 /home/runner/work/Python/Python/mypy/tests/apps/ppt2douyin/消化内科护士长竞聘.pptx 转换成视频
DEBUG    mypy.lib.ppt.ppt_handler:ppt_handler.py:31 🔵 通过 PDF 转图片，再把图片合成视频
DEBUG    /home/runner/work/Python/Python/mypy/utils/tools.py:tools.py:169 🔵 正在执行命令: ['libreoffice', '--headless', '--convert-to', 'pdf', '--outdir', '/home/runner/work/Python/Python/mypy/tests/apps/ppt2douyin/_out', '/home/runner/work/Python/Python/mypy/tests/apps/ppt2douyin/消化内科护士长竞聘.pptx']
DEBUG    mypy.lib.ppt.ppt_handler_linux:ppt_handler_linux.py:85 🔵 PDF 转成图片输出到: /tmp/tmpdum5obfe
DEBUG    mypy.lib.video.ffmpeg_helper:ffmpeg_helper.py:463 🔵 创建一个临时文件: /tmp/tmpf7p7d0bo 来存储所有视频文件的列表参数
INFO     mypy.apps.ppt2douyin.ppt2video:ppt2video.py:88 🟢 -----> 正在把 /home/runner/work/Python/Python/mypy/tests/apps/ppt2douyin/泌尿外科护士长竞聘.pptx 转换成视频
DEBUG    mypy.lib.ppt.ppt_handler:ppt_handler.py:31 🔵 通过 PDF 转图片，再把图片合成视频
DEBUG    /home/runner/work/Python/Python/mypy/utils/tools.py:tools.py:169 🔵 正在执行命令: ['libreoffice', '--headless', '--convert-to', 'pdf', '--outdir', '/home/runner/work/Python/Python/mypy/tests/apps/ppt2douyin/_out', '/home/runner/work/Python/Python/mypy/tests/apps/ppt2douyin/泌尿外科护士长竞聘.pptx']
DEBUG    mypy.lib.ppt.ppt_handler_linux:ppt_handler_linux.py:85 🔵 PDF 转成图片输出到: /tmp/tmpt6qz8dso
DEBUG    mypy.lib.video.ffmpeg_helper:ffmpeg_helper.py:463 🔵 创建一个临时文件: /tmp/tmped04nsc5 来存储所有视频文件的列表参数
INFO     mypy.apps.ppt2douyin.main:main.py:19 🟢 ====================
INFO     mypy.apps.ppt2douyin.main:main.py:20 🟢 视频处理和发布
INFO     mypy.apps.ppt2douyin.main:main.py:21 🟢 ====================
INFO     mypy.lib.douyin.publisher:publisher.py:621 🟢 -----> 发布配置:
INFO     mypy.lib.douyin.publisher:publisher.py:622 🟢 配置项                  值
-------------------  ---------------------------------------
description          '@XiaomaomiXWLY #护士长竞聘 #护士懂护士 #护士 #护士长'
collection_name      护士长竞聘
latest_publish_time  0331-2324
INFO     mypy.lib.video.video_handle_app:video_handle_app.py:32 🟢 -----> 正在处理《/home/runner/work/Python/Python/mypy/tests/apps/ppt2douyin/_out/泌尿外科护士长竞聘.mp4》和 《/home/runner/work/Python/Python/mypy/assets/media/ppt_bgm.mp3》
INFO     mypy.apps.ppt2douyin.video2douyin:video2douyin.py:104 🟢 -----> 开始发布到抖音
INFO     mypy.lib.douyin.publisher:publisher.py:714 🟢 正在使用 [cookie_17688150852.json] 发布作品，当前账号排序: [1]
INFO     mypy.lib.douyin.publisher:publisher.py:367 🟢 -----> 当前登录账号为 “PPT320210”
INFO     mypy.lib.douyin.publisher:publisher.py:435 🟢 设置视频简介为: 泌尿外科护士长竞聘@XiaomaomiXWLY #护士长竞聘 #护士懂护士 #护士 #护士长
ERROR    mypy.lib.douyin.publisher:publisher.py:532 🔴 ❌❌❌《泌尿外科护士长竞聘》发布异常 ❌❌❌
Traceback (most recent call last):
  File "/home/runner/work/Python/Python/mypy/lib/douyin/publisher.py", line 518, in publish_mission
    await self._set_collection(page)
  File "/home/runner/work/Python/Python/mypy/lib/douyin/publisher.py", line 189, in _set_collection
    selected_collection = await self._get_collection(page)
  File "/home/runner/work/Python/Python/mypy/lib/douyin/publisher.py", line 128, in _get_collection
    await page.wait_for_selector(self._playwright_cfg.coll_list_loc)
  File "/opt/hostedtoolcache/Python/3.8.18/x64/lib/python3.8/site-packages/playwright/async_api/_generated.py", line 7786, in wait_for_selector
    await self._impl_obj.wait_for_selector(
  File "/opt/hostedtoolcache/Python/3.8.18/x64/lib/python3.8/site-packages/playwright/_impl/_page.py", line 373, in wait_for_selector
    return await self._main_frame.wait_for_selector(**locals_to_params(locals()))
  File "/opt/hostedtoolcache/Python/3.8.18/x64/lib/python3.8/site-packages/playwright/_impl/_frame.py", line 323, in wait_for_selector
    await self._channel.send("waitForSelector", locals_to_params(locals()))
  File "/opt/hostedtoolcache/Python/3.8.18/x64/lib/python3.8/site-packages/playwright/_impl/_connection.py", line 59, in send
    return await self._connection.wrap_api_call(
  File "/opt/hostedtoolcache/Python/3.8.18/x64/lib/python3.8/site-packages/playwright/_impl/_connection.py", line 509, in wrap_api_call
    return await cb()
  File "/opt/hostedtoolcache/Python/3.8.18/x64/lib/python3.8/site-packages/playwright/_impl/_connection.py", line 97, in inner_send
    result = next(iter(done)).result()
playwright._impl._errors.TimeoutError: Timeout 120000ms exceeded.
ERROR    mypy.apps.ppt2douyin.video2douyin:video2douyin.py:38 🔴 Traceback (most recent call last):
  File "/home/runner/work/Python/Python/mypy/lib/douyin/publisher.py", line 518, in publish_mission
    await self._set_collection(page)
  File "/home/runner/work/Python/Python/mypy/lib/douyin/publisher.py", line 189, in _set_collection
    selected_collection = await self._get_collection(page)
  File "/home/runner/work/Python/Python/mypy/lib/douyin/publisher.py", line 128, in _get_collection
    await page.wait_for_selector(self._playwright_cfg.coll_list_loc)
  File "/opt/hostedtoolcache/Python/3.8.18/x64/lib/python3.8/site-packages/playwright/async_api/_generated.py", line 7786, in wait_for_selector
    await self._impl_obj.wait_for_selector(
  File "/opt/hostedtoolcache/Python/3.8.18/x64/lib/python3.8/site-packages/playwright/_impl/_page.py", line 373, in wait_for_selector
    return await self._main_frame.wait_for_selector(**locals_to_params(locals()))
  File "/opt/hostedtoolcache/Python/3.8.18/x64/lib/python3.8/site-packages/playwright/_impl/_frame.py", line 323, in wait_for_selector
    await self._channel.send("waitForSelector", locals_to_params(locals()))
  File "/opt/hostedtoolcache/Python/3.8.18/x64/lib/python3.8/site-packages/playwright/_impl/_connection.py", line 59, in send
    return await self._connection.wrap_api_call(
  File "/opt/hostedtoolcache/Python/3.8.18/x64/lib/python3.8/site-packages/playwright/_impl/_connection.py", line 509, in wrap_api_call
    return await cb()
  File "/opt/hostedtoolcache/Python/3.8.18/x64/lib/python3.8/site-packages/playwright/_impl/_connection.py", line 97, in inner_send
    result = next(iter(done)).result()
playwright._impl._errors.TimeoutError: Timeout 120000ms exceeded.

The above exception was the direct cause of the following exception:

Traceback (most recent call last):
  File "/home/runner/work/Python/Python/mypy/apps/ppt2douyin/video2douyin.py", line 35, in _publish_to_douyin
    self._publish_app.publish(video_path=find_result[0],
  File "/home/runner/work/Python/Python/mypy/lib/douyin/publisher.py", line 719, in publish
    asyncio.run(app.do_publish())
  File "/opt/hostedtoolcache/Python/3.8.18/x64/lib/python3.8/asyncio/runners.py", line 44, in run
    return loop.run_until_complete(main)
  File "/opt/hostedtoolcache/Python/3.8.18/x64/lib/python3.8/asyncio/base_events.py", line 616, in run_until_complete
    return future.result()
  File "/home/runner/work/Python/Python/mypy/lib/douyin/publisher.py", line 542, in do_publish
    async for attempt in AsyncRetrying(
  File "/opt/hostedtoolcache/Python/3.8.18/x64/lib/python3.8/site-packages/tenacity/_asyncio.py", line 71, in __anext__
    do = self.iter(retry_state=self._retry_state)
  File "/opt/hostedtoolcache/Python/3.8.18/x64/lib/python3.8/site-packages/tenacity/__init__.py", line 314, in iter
    return fut.result()
  File "/opt/hostedtoolcache/Python/3.8.18/x64/lib/python3.8/concurrent/futures/_base.py", line 437, in result
    return self.__get_result()
  File "/opt/hostedtoolcache/Python/3.8.18/x64/lib/python3.8/concurrent/futures/_base.py", line 389, in __get_result
    raise self._exception
  File "/home/runner/work/Python/Python/mypy/lib/douyin/publisher.py", line 550, in do_publish
    await self.publish_mission(playwright)
  File "/home/runner/work/Python/Python/mypy/lib/douyin/publisher.py", line 533, in publish_mission
    raise PublishFail() from ex
mypy.lib.douyin.exceptions.PublishFail
Traceback (most recent call last):
  File "/home/runner/work/Python/Python/mypy/lib/douyin/publisher.py", line 518, in publish_mission
    await self._set_collection(page)
  File "/home/runner/work/Python/Python/mypy/lib/douyin/publisher.py", line 189, in _set_collection
    selected_collection = await self._get_collection(page)
  File "/home/runner/work/Python/Python/mypy/lib/douyin/publisher.py", line 128, in _get_collection
    await page.wait_for_selector(self._playwright_cfg.coll_list_loc)
  File "/opt/hostedtoolcache/Python/3.8.18/x64/lib/python3.8/site-packages/playwright/async_api/_generated.py", line 7786, in wait_for_selector
    await self._impl_obj.wait_for_selector(
  File "/opt/hostedtoolcache/Python/3.8.18/x64/lib/python3.8/site-packages/playwright/_impl/_page.py", line 373, in wait_for_selector
    return await self._main_frame.wait_for_selector(**locals_to_params(locals()))
  File "/opt/hostedtoolcache/Python/3.8.18/x64/lib/python3.8/site-packages/playwright/_impl/_frame.py", line 323, in wait_for_selector
    await self._channel.send("waitForSelector", locals_to_params(locals()))
  File "/opt/hostedtoolcache/Python/3.8.18/x64/lib/python3.8/site-packages/playwright/_impl/_connection.py", line 59, in send
    return await self._connection.wrap_api_call(
  File "/opt/hostedtoolcache/Python/3.8.18/x64/lib/python3.8/site-packages/playwright/_impl/_connection.py", line 509, in wrap_api_call
    return await cb()
  File "/opt/hostedtoolcache/Python/3.8.18/x64/lib/python3.8/site-packages/playwright/_impl/_connection.py", line 97, in inner_send
    result = next(iter(done)).result()
playwright._impl._errors.TimeoutError: Timeout 120000ms exceeded.

The above exception was the direct cause of the following exception:

Traceback (most recent call last):
  File "/home/runner/work/Python/Python/mypy/apps/ppt2douyin/video2douyin.py", line 35, in _publish_to_douyin
    self._publish_app.publish(video_path=find_result[0],
  File "/home/runner/work/Python/Python/mypy/lib/douyin/publisher.py", line 719, in publish
    asyncio.run(app.do_publish())
  File "/opt/hostedtoolcache/Python/3.8.18/x64/lib/python3.8/asyncio/runners.py", line 44, in run
    return loop.run_until_complete(main)
  File "/opt/hostedtoolcache/Python/3.8.18/x64/lib/python3.8/asyncio/base_events.py", line 616, in run_until_complete
    return future.result()
  File "/home/runner/work/Python/Python/mypy/lib/douyin/publisher.py", line 542, in do_publish
    async for attempt in AsyncRetrying(
  File "/opt/hostedtoolcache/Python/3.8.18/x64/lib/python3.8/site-packages/tenacity/_asyncio.py", line 71, in __anext__
    do = self.iter(retry_state=self._retry_state)
  File "/opt/hostedtoolcache/Python/3.8.18/x64/lib/python3.8/site-packages/tenacity/__init__.py", line 314, in iter
    return fut.result()
  File "/opt/hostedtoolcache/Python/3.8.18/x64/lib/python3.8/concurrent/futures/_base.py", line 437, in result
    return self.__get_result()
  File "/opt/hostedtoolcache/Python/3.8.18/x64/lib/python3.8/concurrent/futures/_base.py", line 389, in __get_result
    raise self._exception
  File "/home/runner/work/Python/Python/mypy/lib/douyin/publisher.py", line 550, in do_publish
    await self.publish_mission(playwright)
  File "/home/runner/work/Python/Python/mypy/lib/douyin/publisher.py", line 533, in publish_mission
    raise PublishFail() from ex
mypy.lib.douyin.exceptions.PublishFail
ERROR    mypy.apps.ppt2douyin.main:main.py:24 🔴 
Traceback (most recent call last):
  File "/home/runner/work/Python/Python/mypy/lib/douyin/publisher.py", line 518, in publish_mission
    await self._set_collection(page)
  File "/home/runner/work/Python/Python/mypy/lib/douyin/publisher.py", line 189, in _set_collection
    selected_collection = await self._get_collection(page)
  File "/home/runner/work/Python/Python/mypy/lib/douyin/publisher.py", line 128, in _get_collection
    await page.wait_for_selector(self._playwright_cfg.coll_list_loc)
  File "/opt/hostedtoolcache/Python/3.8.18/x64/lib/python3.8/site-packages/playwright/async_api/_generated.py", line 7786, in wait_for_selector
    await self._impl_obj.wait_for_selector(
  File "/opt/hostedtoolcache/Python/3.8.18/x64/lib/python3.8/site-packages/playwright/_impl/_page.py", line 373, in wait_for_selector
    return await self._main_frame.wait_for_selector(**locals_to_params(locals()))
  File "/opt/hostedtoolcache/Python/3.8.18/x64/lib/python3.8/site-packages/playwright/_impl/_frame.py", line 323, in wait_for_selector
    await self._channel.send("waitForSelector", locals_to_params(locals()))
  File "/opt/hostedtoolcache/Python/3.8.18/x64/lib/python3.8/site-packages/playwright/_impl/_connection.py", line 59, in send
    return await self._connection.wrap_api_call(
  File "/opt/hostedtoolcache/Python/3.8.18/x64/lib/python3.8/site-packages/playwright/_impl/_connection.py", line 509, in wrap_api_call
    return await cb()
  File "/opt/hostedtoolcache/Python/3.8.18/x64/lib/python3.8/site-packages/playwright/_impl/_connection.py", line 97, in inner_send
    result = next(iter(done)).result()
playwright._impl._errors.TimeoutError: Timeout 120000ms exceeded.

The above exception was the direct cause of the following exception:

Traceback (most recent call last):
  File "/home/runner/work/Python/Python/mypy/apps/ppt2douyin/main.py", line 22, in main
    PPTPublishHelper(work_path).batch_publish()
  File "/home/runner/work/Python/Python/mypy/apps/ppt2douyin/video2douyin.py", line 108, in batch_publish
    self._publish_to_douyin(pub_cfg)
  File "/home/runner/work/Python/Python/mypy/apps/ppt2douyin/video2douyin.py", line 39, in _publish_to_douyin
    raise ex
  File "/home/runner/work/Python/Python/mypy/apps/ppt2douyin/video2douyin.py", line 35, in _publish_to_douyin
    self._publish_app.publish(video_path=find_result[0],
  File "/home/runner/work/Python/Python/mypy/lib/douyin/publisher.py", line 719, in publish
    asyncio.run(app.do_publish())
  File "/opt/hostedtoolcache/Python/3.8.18/x64/lib/python3.8/asyncio/runners.py", line 44, in run
    return loop.run_until_complete(main)
  File "/opt/hostedtoolcache/Python/3.8.18/x64/lib/python3.8/asyncio/base_events.py", line 616, in run_until_complete
    return future.result()
  File "/home/runner/work/Python/Python/mypy/lib/douyin/publisher.py", line 542, in do_publish
    async for attempt in AsyncRetrying(
  File "/opt/hostedtoolcache/Python/3.8.18/x64/lib/python3.8/site-packages/tenacity/_asyncio.py", line 71, in __anext__
    do = self.iter(retry_state=self._retry_state)
  File "/opt/hostedtoolcache/Python/3.8.18/x64/lib/python3.8/site-packages/tenacity/__init__.py", line 314, in iter
    return fut.result()
  File "/opt/hostedtoolcache/Python/3.8.18/x64/lib/python3.8/concurrent/futures/_base.py", line 437, in result
    return self.__get_result()
  File "/opt/hostedtoolcache/Python/3.8.18/x64/lib/python3.8/concurrent/futures/_base.py", line 389, in __get_result
    raise self._exception
  File "/home/runner/work/Python/Python/mypy/lib/douyin/publisher.py", line 550, in do_publish
    await self.publish_mission(playwright)
  File "/home/runner/work/Python/Python/mypy/lib/douyin/publisher.py", line 533, in publish_mission
    raise PublishFail() from ex
mypy.lib.douyin.exceptions.PublishFail