INFO     mypy.lib.playwright.publish_config:publish_config.py:118 üü¢ -----> ÈÖçÁΩÆÂ¶Ç‰∏ã <-----
INFO     mypy.apps.ppt2douyin.main:log.py:192 üü¢ ========================================
INFO     mypy.apps.ppt2douyin.main:main.py:117 üü¢ Ê≠£Âú®ÊääÂΩìÂâçÁõÆÂΩï‰∏ãÁöÑ PPT ËΩ¨Êàê video
INFO     mypy.apps.ppt2douyin.main:log.py:192 üü¢ ========================================
INFO     mypy.apps.ppt2douyin.ppt_transfer:ppt_transfer.py:166 üü¢ ÂºÄÂßãÊää„Ää/home/runner/work/github-runner/github-runner/mypy/tests/apps/ppt2douyin/Ê∂àÂåñÂÜÖÁßëÊä§Â£´ÈïøÁ´ûËÅò.pptx„ÄãËΩ¨Êç¢Êàê video
INFO     mypy.apps.ppt2douyin.ppt_transfer:ppt_transfer.py:100 üü¢ ÂéªÈô§ „Ää/home/runner/work/github-runner/github-runner/mypy/tests/apps/ppt2douyin/Ê∂àÂåñÂÜÖÁßëÊä§Â£´ÈïøÁ´ûËÅò.pptx„Äã ‰∏≠ÁöÑÊïèÊÑü‰ø°ÊÅØ
INFO     mypy.apps.ppt2douyin.ppt_transfer:ppt_transfer.py:49 üü¢ PPT ËΩ¨Êç¢ÊàêËßÜÈ¢ëÔºåÂπ∂ÁîüÊàê‰∏ÄÂº†ÊãºÂõæ‰Ωú‰∏∫Â∞ÅÈù¢
DEBUG    mypy.lib.ppt.ppt_handler:ppt_handler.py:25 üîµ Êää PPT ËΩ¨Êàê PDF
DEBUG    mypy.lib.libreoffice.libreoffice_helper:libreoffice_helper.py:73 üîµ ÈÄöËøá libreoffice Êää PPT ËΩ¨Êàê PDF
DEBUG    /home/runner/work/github-runner/github-runner/mypy/utils/tools.py:tools.py:245 üîµ Ê≠£Âú®ÊâßË°åÂëΩ‰ª§: ['soffice', '--headless', '--convert-to', 'pdf', '--outdir', '/home/runner/work/github-runner/github-runner/mypy/tests/apps/ppt2douyin/_out', '/home/runner/work/github-runner/github-runner/mypy/tests/apps/ppt2douyin/Ê∂àÂåñÂÜÖÁßëÊä§Â£´ÈïøÁ´ûËÅò.pptx']
DEBUG    mypy.lib.pdf.pdf_handler:pdf_handler.py:41 üîµ ÈÄöËøá pdf2image Â∫ìËΩ¨ÊàêÂõæÁâáÔºåËæìÂá∫Âà∞: /tmp/tmpsadjpwid
ERROR    mypy.apps.ppt2douyin.ppt_transfer:ppt_transfer.py:147 üî¥ PPT Ê†ºÂºèËΩ¨Êç¢ÂºÇÂ∏∏: expected str, bytes or os.PathLike object, not NoneType
Traceback (most recent call last):
  File "/home/runner/work/github-runner/github-runner/mypy/apps/ppt2douyin/ppt_transfer.py", line 145, in _ppt_trans
    self._ppt_handler(ppt_path, output_filepath)
  File "/home/runner/work/github-runner/github-runner/mypy/apps/ppt2douyin/ppt_transfer.py", line 52, in make_ppt2video
    ppt2video(ppt_path=ppt_path,
  File "/home/runner/work/github-runner/github-runner/mypy/lib/ppt/ppt_handler.py", line 58, in ppt2video
    PDFHandler(output_pdf_path).pdf2video(output_video_path)
  File "/home/runner/work/github-runner/github-runner/mypy/lib/pdf/pdf_handler.py", line 68, in pdf2video
    self.pdf2images(temp_dir)
  File "/home/runner/work/github-runner/github-runner/mypy/lib/pdf/pdf_handler.py", line 43, in pdf2images
    _, file_ext = os.path.splitext(self._input_pdf_path)
  File "/opt/hostedtoolcache/Python/3.9.19/x64/lib/python3.9/posixpath.py", line 118, in splitext
    p = os.fspath(p)
TypeError: expected str, bytes or os.PathLike object, not NoneType
INFO     mypy.apps.ppt2douyin.ppt_transfer:ppt_transfer.py:100 üü¢ ÂéªÈô§ „Ää/home/runner/work/github-runner/github-runner/mypy/tests/apps/ppt2douyin/Ê∂àÂåñÂÜÖÁßëÊä§Â£´ÈïøÁ´ûËÅò.pptx„Äã ‰∏≠ÁöÑÊïèÊÑü‰ø°ÊÅØ
INFO     mypy.apps.ppt2douyin.ppt_transfer:ppt_transfer.py:49 üü¢ PPT ËΩ¨Êç¢ÊàêËßÜÈ¢ëÔºåÂπ∂ÁîüÊàê‰∏ÄÂº†ÊãºÂõæ‰Ωú‰∏∫Â∞ÅÈù¢
DEBUG    mypy.lib.ppt.ppt_handler:ppt_handler.py:25 üîµ Êää PPT ËΩ¨Êàê PDF
WARNING  mypy.lib.libreoffice.libreoffice_helper:libreoffice_helper.py:69 üü† Êñá‰ª∂ /home/runner/work/github-runner/github-runner/mypy/tests/apps/ppt2douyin/_out/Ê∂àÂåñÂÜÖÁßëÊä§Â£´ÈïøÁ´ûËÅò.pdf Â∑≤Â≠òÂú®ÔºåÊó†ÈúÄËΩ¨Êç¢
DEBUG    mypy.lib.pdf.pdf_handler:pdf_handler.py:41 üîµ ÈÄöËøá pdf2image Â∫ìËΩ¨ÊàêÂõæÁâáÔºåËæìÂá∫Âà∞: /tmp/tmpvfiliwnl
ERROR    mypy.apps.ppt2douyin.ppt_transfer:ppt_transfer.py:147 üî¥ PPT Ê†ºÂºèËΩ¨Êç¢ÂºÇÂ∏∏: expected str, bytes or os.PathLike object, not NoneType
Traceback (most recent call last):
  File "/home/runner/work/github-runner/github-runner/mypy/apps/ppt2douyin/ppt_transfer.py", line 145, in _ppt_trans
    self._ppt_handler(ppt_path, output_filepath)
  File "/home/runner/work/github-runner/github-runner/mypy/apps/ppt2douyin/ppt_transfer.py", line 52, in make_ppt2video
    ppt2video(ppt_path=ppt_path,
  File "/home/runner/work/github-runner/github-runner/mypy/lib/ppt/ppt_handler.py", line 58, in ppt2video
    PDFHandler(output_pdf_path).pdf2video(output_video_path)
  File "/home/runner/work/github-runner/github-runner/mypy/lib/pdf/pdf_handler.py", line 68, in pdf2video
    self.pdf2images(temp_dir)
  File "/home/runner/work/github-runner/github-runner/mypy/lib/pdf/pdf_handler.py", line 43, in pdf2images
    _, file_ext = os.path.splitext(self._input_pdf_path)
  File "/opt/hostedtoolcache/Python/3.9.19/x64/lib/python3.9/posixpath.py", line 118, in splitext
    p = os.fspath(p)
TypeError: expected str, bytes or os.PathLike object, not NoneType
INFO     mypy.apps.ppt2douyin.ppt_transfer:ppt_transfer.py:100 üü¢ ÂéªÈô§ „Ää/home/runner/work/github-runner/github-runner/mypy/tests/apps/ppt2douyin/Ê∂àÂåñÂÜÖÁßëÊä§Â£´ÈïøÁ´ûËÅò.pptx„Äã ‰∏≠ÁöÑÊïèÊÑü‰ø°ÊÅØ
INFO     mypy.apps.ppt2douyin.ppt_transfer:ppt_transfer.py:49 üü¢ PPT ËΩ¨Êç¢ÊàêËßÜÈ¢ëÔºåÂπ∂ÁîüÊàê‰∏ÄÂº†ÊãºÂõæ‰Ωú‰∏∫Â∞ÅÈù¢
DEBUG    mypy.lib.ppt.ppt_handler:ppt_handler.py:25 üîµ Êää PPT ËΩ¨Êàê PDF
WARNING  mypy.lib.libreoffice.libreoffice_helper:libreoffice_helper.py:69 üü† Êñá‰ª∂ /home/runner/work/github-runner/github-runner/mypy/tests/apps/ppt2douyin/_out/Ê∂àÂåñÂÜÖÁßëÊä§Â£´ÈïøÁ´ûËÅò.pdf Â∑≤Â≠òÂú®ÔºåÊó†ÈúÄËΩ¨Êç¢
DEBUG    mypy.lib.pdf.pdf_handler:pdf_handler.py:41 üîµ ÈÄöËøá pdf2image Â∫ìËΩ¨ÊàêÂõæÁâáÔºåËæìÂá∫Âà∞: /tmp/tmpnlb7tc6h
ERROR    mypy.apps.ppt2douyin.ppt_transfer:ppt_transfer.py:147 üî¥ PPT Ê†ºÂºèËΩ¨Êç¢ÂºÇÂ∏∏: expected str, bytes or os.PathLike object, not NoneType
Traceback (most recent call last):
  File "/home/runner/work/github-runner/github-runner/mypy/apps/ppt2douyin/ppt_transfer.py", line 145, in _ppt_trans
    self._ppt_handler(ppt_path, output_filepath)
  File "/home/runner/work/github-runner/github-runner/mypy/apps/ppt2douyin/ppt_transfer.py", line 52, in make_ppt2video
    ppt2video(ppt_path=ppt_path,
  File "/home/runner/work/github-runner/github-runner/mypy/lib/ppt/ppt_handler.py", line 58, in ppt2video
    PDFHandler(output_pdf_path).pdf2video(output_video_path)
  File "/home/runner/work/github-runner/github-runner/mypy/lib/pdf/pdf_handler.py", line 68, in pdf2video
    self.pdf2images(temp_dir)
  File "/home/runner/work/github-runner/github-runner/mypy/lib/pdf/pdf_handler.py", line 43, in pdf2images
    _, file_ext = os.path.splitext(self._input_pdf_path)
  File "/opt/hostedtoolcache/Python/3.9.19/x64/lib/python3.9/posixpath.py", line 118, in splitext
    p = os.fspath(p)
TypeError: expected str, bytes or os.PathLike object, not NoneType
INFO     mypy.apps.ppt2douyin.ppt_transfer:ppt_transfer.py:100 üü¢ ÂéªÈô§ „Ää/home/runner/work/github-runner/github-runner/mypy/tests/apps/ppt2douyin/Ê∂àÂåñÂÜÖÁßëÊä§Â£´ÈïøÁ´ûËÅò.pptx„Äã ‰∏≠ÁöÑÊïèÊÑü‰ø°ÊÅØ
INFO     mypy.apps.ppt2douyin.ppt_transfer:ppt_transfer.py:49 üü¢ PPT ËΩ¨Êç¢ÊàêËßÜÈ¢ëÔºåÂπ∂ÁîüÊàê‰∏ÄÂº†ÊãºÂõæ‰Ωú‰∏∫Â∞ÅÈù¢
DEBUG    mypy.lib.ppt.ppt_handler:ppt_handler.py:25 üîµ Êää PPT ËΩ¨Êàê PDF
WARNING  mypy.lib.libreoffice.libreoffice_helper:libreoffice_helper.py:69 üü† Êñá‰ª∂ /home/runner/work/github-runner/github-runner/mypy/tests/apps/ppt2douyin/_out/Ê∂àÂåñÂÜÖÁßëÊä§Â£´ÈïøÁ´ûËÅò.pdf Â∑≤Â≠òÂú®ÔºåÊó†ÈúÄËΩ¨Êç¢
DEBUG    mypy.lib.pdf.pdf_handler:pdf_handler.py:41 üîµ ÈÄöËøá pdf2image Â∫ìËΩ¨ÊàêÂõæÁâáÔºåËæìÂá∫Âà∞: /tmp/tmparrzh13l
ERROR    mypy.apps.ppt2douyin.ppt_transfer:ppt_transfer.py:147 üî¥ PPT Ê†ºÂºèËΩ¨Êç¢ÂºÇÂ∏∏: expected str, bytes or os.PathLike object, not NoneType
Traceback (most recent call last):
  File "/home/runner/work/github-runner/github-runner/mypy/apps/ppt2douyin/ppt_transfer.py", line 145, in _ppt_trans
    self._ppt_handler(ppt_path, output_filepath)
  File "/home/runner/work/github-runner/github-runner/mypy/apps/ppt2douyin/ppt_transfer.py", line 52, in make_ppt2video
    ppt2video(ppt_path=ppt_path,
  File "/home/runner/work/github-runner/github-runner/mypy/lib/ppt/ppt_handler.py", line 58, in ppt2video
    PDFHandler(output_pdf_path).pdf2video(output_video_path)
  File "/home/runner/work/github-runner/github-runner/mypy/lib/pdf/pdf_handler.py", line 68, in pdf2video
    self.pdf2images(temp_dir)
  File "/home/runner/work/github-runner/github-runner/mypy/lib/pdf/pdf_handler.py", line 43, in pdf2images
    _, file_ext = os.path.splitext(self._input_pdf_path)
  File "/opt/hostedtoolcache/Python/3.9.19/x64/lib/python3.9/posixpath.py", line 118, in splitext
    p = os.fspath(p)
TypeError: expected str, bytes or os.PathLike object, not NoneType
INFO     mypy.apps.ppt2douyin.ppt_transfer:ppt_transfer.py:100 üü¢ ÂéªÈô§ „Ää/home/runner/work/github-runner/github-runner/mypy/tests/apps/ppt2douyin/Ê∂àÂåñÂÜÖÁßëÊä§Â£´ÈïøÁ´ûËÅò.pptx„Äã ‰∏≠ÁöÑÊïèÊÑü‰ø°ÊÅØ
INFO     mypy.apps.ppt2douyin.ppt_transfer:ppt_transfer.py:49 üü¢ PPT ËΩ¨Êç¢ÊàêËßÜÈ¢ëÔºåÂπ∂ÁîüÊàê‰∏ÄÂº†ÊãºÂõæ‰Ωú‰∏∫Â∞ÅÈù¢
DEBUG    mypy.lib.ppt.ppt_handler:ppt_handler.py:25 üîµ Êää PPT ËΩ¨Êàê PDF
WARNING  mypy.lib.libreoffice.libreoffice_helper:libreoffice_helper.py:69 üü† Êñá‰ª∂ /home/runner/work/github-runner/github-runner/mypy/tests/apps/ppt2douyin/_out/Ê∂àÂåñÂÜÖÁßëÊä§Â£´ÈïøÁ´ûËÅò.pdf Â∑≤Â≠òÂú®ÔºåÊó†ÈúÄËΩ¨Êç¢
DEBUG    mypy.lib.pdf.pdf_handler:pdf_handler.py:41 üîµ ÈÄöËøá pdf2image Â∫ìËΩ¨ÊàêÂõæÁâáÔºåËæìÂá∫Âà∞: /tmp/tmp6c8mh2g5
ERROR    mypy.apps.ppt2douyin.ppt_transfer:ppt_transfer.py:147 üî¥ PPT Ê†ºÂºèËΩ¨Êç¢ÂºÇÂ∏∏: expected str, bytes or os.PathLike object, not NoneType
Traceback (most recent call last):
  File "/home/runner/work/github-runner/github-runner/mypy/apps/ppt2douyin/ppt_transfer.py", line 145, in _ppt_trans
    self._ppt_handler(ppt_path, output_filepath)
  File "/home/runner/work/github-runner/github-runner/mypy/apps/ppt2douyin/ppt_transfer.py", line 52, in make_ppt2video
    ppt2video(ppt_path=ppt_path,
  File "/home/runner/work/github-runner/github-runner/mypy/lib/ppt/ppt_handler.py", line 58, in ppt2video
    PDFHandler(output_pdf_path).pdf2video(output_video_path)
  File "/home/runner/work/github-runner/github-runner/mypy/lib/pdf/pdf_handler.py", line 68, in pdf2video
    self.pdf2images(temp_dir)
  File "/home/runner/work/github-runner/github-runner/mypy/lib/pdf/pdf_handler.py", line 43, in pdf2images
    _, file_ext = os.path.splitext(self._input_pdf_path)
  File "/opt/hostedtoolcache/Python/3.9.19/x64/lib/python3.9/posixpath.py", line 118, in splitext
    p = os.fspath(p)
TypeError: expected str, bytes or os.PathLike object, not NoneType
INFO     mypy.apps.ppt2douyin.ppt_transfer:ppt_transfer.py:100 üü¢ ÂéªÈô§ „Ää/home/runner/work/github-runner/github-runner/mypy/tests/apps/ppt2douyin/Ê∂àÂåñÂÜÖÁßëÊä§Â£´ÈïøÁ´ûËÅò.pptx„Äã ‰∏≠ÁöÑÊïèÊÑü‰ø°ÊÅØ
INFO     mypy.apps.ppt2douyin.ppt_transfer:ppt_transfer.py:49 üü¢ PPT ËΩ¨Êç¢ÊàêËßÜÈ¢ëÔºåÂπ∂ÁîüÊàê‰∏ÄÂº†ÊãºÂõæ‰Ωú‰∏∫Â∞ÅÈù¢
DEBUG    mypy.lib.ppt.ppt_handler:ppt_handler.py:25 üîµ Êää PPT ËΩ¨Êàê PDF
WARNING  mypy.lib.libreoffice.libreoffice_helper:libreoffice_helper.py:69 üü† Êñá‰ª∂ /home/runner/work/github-runner/github-runner/mypy/tests/apps/ppt2douyin/_out/Ê∂àÂåñÂÜÖÁßëÊä§Â£´ÈïøÁ´ûËÅò.pdf Â∑≤Â≠òÂú®ÔºåÊó†ÈúÄËΩ¨Êç¢
DEBUG    mypy.lib.pdf.pdf_handler:pdf_handler.py:41 üîµ ÈÄöËøá pdf2image Â∫ìËΩ¨ÊàêÂõæÁâáÔºåËæìÂá∫Âà∞: /tmp/tmptmpg7ls9
ERROR    mypy.apps.ppt2douyin.ppt_transfer:ppt_transfer.py:147 üî¥ PPT Ê†ºÂºèËΩ¨Êç¢ÂºÇÂ∏∏: expected str, bytes or os.PathLike object, not NoneType
Traceback (most recent call last):
  File "/home/runner/work/github-runner/github-runner/mypy/apps/ppt2douyin/ppt_transfer.py", line 145, in _ppt_trans
    self._ppt_handler(ppt_path, output_filepath)
  File "/home/runner/work/github-runner/github-runner/mypy/apps/ppt2douyin/ppt_transfer.py", line 52, in make_ppt2video
    ppt2video(ppt_path=ppt_path,
  File "/home/runner/work/github-runner/github-runner/mypy/lib/ppt/ppt_handler.py", line 58, in ppt2video
    PDFHandler(output_pdf_path).pdf2video(output_video_path)
  File "/home/runner/work/github-runner/github-runner/mypy/lib/pdf/pdf_handler.py", line 68, in pdf2video
    self.pdf2images(temp_dir)
  File "/home/runner/work/github-runner/github-runner/mypy/lib/pdf/pdf_handler.py", line 43, in pdf2images
    _, file_ext = os.path.splitext(self._input_pdf_path)
  File "/opt/hostedtoolcache/Python/3.9.19/x64/lib/python3.9/posixpath.py", line 118, in splitext
    p = os.fspath(p)
TypeError: expected str, bytes or os.PathLike object, not NoneType
INFO     mypy.apps.ppt2douyin.ppt_transfer:ppt_transfer.py:100 üü¢ ÂéªÈô§ „Ää/home/runner/work/github-runner/github-runner/mypy/tests/apps/ppt2douyin/Ê∂àÂåñÂÜÖÁßëÊä§Â£´ÈïøÁ´ûËÅò.pptx„Äã ‰∏≠ÁöÑÊïèÊÑü‰ø°ÊÅØ
INFO     mypy.apps.ppt2douyin.ppt_transfer:ppt_transfer.py:49 üü¢ PPT ËΩ¨Êç¢ÊàêËßÜÈ¢ëÔºåÂπ∂ÁîüÊàê‰∏ÄÂº†ÊãºÂõæ‰Ωú‰∏∫Â∞ÅÈù¢
DEBUG    mypy.lib.ppt.ppt_handler:ppt_handler.py:25 üîµ Êää PPT ËΩ¨Êàê PDF
WARNING  mypy.lib.libreoffice.libreoffice_helper:libreoffice_helper.py:69 üü† Êñá‰ª∂ /home/runner/work/github-runner/github-runner/mypy/tests/apps/ppt2douyin/_out/Ê∂àÂåñÂÜÖÁßëÊä§Â£´ÈïøÁ´ûËÅò.pdf Â∑≤Â≠òÂú®ÔºåÊó†ÈúÄËΩ¨Êç¢
DEBUG    mypy.lib.pdf.pdf_handler:pdf_handler.py:41 üîµ ÈÄöËøá pdf2image Â∫ìËΩ¨ÊàêÂõæÁâáÔºåËæìÂá∫Âà∞: /tmp/tmpm7_brld2
ERROR    mypy.apps.ppt2douyin.ppt_transfer:ppt_transfer.py:147 üî¥ PPT Ê†ºÂºèËΩ¨Êç¢ÂºÇÂ∏∏: expected str, bytes or os.PathLike object, not NoneType
Traceback (most recent call last):
  File "/home/runner/work/github-runner/github-runner/mypy/apps/ppt2douyin/ppt_transfer.py", line 145, in _ppt_trans
    self._ppt_handler(ppt_path, output_filepath)
  File "/home/runner/work/github-runner/github-runner/mypy/apps/ppt2douyin/ppt_transfer.py", line 52, in make_ppt2video
    ppt2video(ppt_path=ppt_path,
  File "/home/runner/work/github-runner/github-runner/mypy/lib/ppt/ppt_handler.py", line 58, in ppt2video
    PDFHandler(output_pdf_path).pdf2video(output_video_path)
  File "/home/runner/work/github-runner/github-runner/mypy/lib/pdf/pdf_handler.py", line 68, in pdf2video
    self.pdf2images(temp_dir)
  File "/home/runner/work/github-runner/github-runner/mypy/lib/pdf/pdf_handler.py", line 43, in pdf2images
    _, file_ext = os.path.splitext(self._input_pdf_path)
  File "/opt/hostedtoolcache/Python/3.9.19/x64/lib/python3.9/posixpath.py", line 118, in splitext
    p = os.fspath(p)
TypeError: expected str, bytes or os.PathLike object, not NoneType
INFO     mypy.apps.ppt2douyin.ppt_transfer:ppt_transfer.py:100 üü¢ ÂéªÈô§ „Ää/home/runner/work/github-runner/github-runner/mypy/tests/apps/ppt2douyin/Ê∂àÂåñÂÜÖÁßëÊä§Â£´ÈïøÁ´ûËÅò.pptx„Äã ‰∏≠ÁöÑÊïèÊÑü‰ø°ÊÅØ
INFO     mypy.apps.ppt2douyin.ppt_transfer:ppt_transfer.py:49 üü¢ PPT ËΩ¨Êç¢ÊàêËßÜÈ¢ëÔºåÂπ∂ÁîüÊàê‰∏ÄÂº†ÊãºÂõæ‰Ωú‰∏∫Â∞ÅÈù¢
DEBUG    mypy.lib.ppt.ppt_handler:ppt_handler.py:25 üîµ Êää PPT ËΩ¨Êàê PDF
WARNING  mypy.lib.libreoffice.libreoffice_helper:libreoffice_helper.py:69 üü† Êñá‰ª∂ /home/runner/work/github-runner/github-runner/mypy/tests/apps/ppt2douyin/_out/Ê∂àÂåñÂÜÖÁßëÊä§Â£´ÈïøÁ´ûËÅò.pdf Â∑≤Â≠òÂú®ÔºåÊó†ÈúÄËΩ¨Êç¢
DEBUG    mypy.lib.pdf.pdf_handler:pdf_handler.py:41 üîµ ÈÄöËøá pdf2image Â∫ìËΩ¨ÊàêÂõæÁâáÔºåËæìÂá∫Âà∞: /tmp/tmpnz36imhr
ERROR    mypy.apps.ppt2douyin.ppt_transfer:ppt_transfer.py:147 üî¥ PPT Ê†ºÂºèËΩ¨Êç¢ÂºÇÂ∏∏: expected str, bytes or os.PathLike object, not NoneType
Traceback (most recent call last):
  File "/home/runner/work/github-runner/github-runner/mypy/apps/ppt2douyin/ppt_transfer.py", line 145, in _ppt_trans
    self._ppt_handler(ppt_path, output_filepath)
  File "/home/runner/work/github-runner/github-runner/mypy/apps/ppt2douyin/ppt_transfer.py", line 52, in make_ppt2video
    ppt2video(ppt_path=ppt_path,
  File "/home/runner/work/github-runner/github-runner/mypy/lib/ppt/ppt_handler.py", line 58, in ppt2video
    PDFHandler(output_pdf_path).pdf2video(output_video_path)
  File "/home/runner/work/github-runner/github-runner/mypy/lib/pdf/pdf_handler.py", line 68, in pdf2video
    self.pdf2images(temp_dir)
  File "/home/runner/work/github-runner/github-runner/mypy/lib/pdf/pdf_handler.py", line 43, in pdf2images
    _, file_ext = os.path.splitext(self._input_pdf_path)
  File "/opt/hostedtoolcache/Python/3.9.19/x64/lib/python3.9/posixpath.py", line 118, in splitext
    p = os.fspath(p)
TypeError: expected str, bytes or os.PathLike object, not NoneType
INFO     mypy.apps.ppt2douyin.ppt_transfer:ppt_transfer.py:100 üü¢ ÂéªÈô§ „Ää/home/runner/work/github-runner/github-runner/mypy/tests/apps/ppt2douyin/Ê∂àÂåñÂÜÖÁßëÊä§Â£´ÈïøÁ´ûËÅò.pptx„Äã ‰∏≠ÁöÑÊïèÊÑü‰ø°ÊÅØ
INFO     mypy.apps.ppt2douyin.ppt_transfer:ppt_transfer.py:49 üü¢ PPT ËΩ¨Êç¢ÊàêËßÜÈ¢ëÔºåÂπ∂ÁîüÊàê‰∏ÄÂº†ÊãºÂõæ‰Ωú‰∏∫Â∞ÅÈù¢
DEBUG    mypy.lib.ppt.ppt_handler:ppt_handler.py:25 üîµ Êää PPT ËΩ¨Êàê PDF
WARNING  mypy.lib.libreoffice.libreoffice_helper:libreoffice_helper.py:69 üü† Êñá‰ª∂ /home/runner/work/github-runner/github-runner/mypy/tests/apps/ppt2douyin/_out/Ê∂àÂåñÂÜÖÁßëÊä§Â£´ÈïøÁ´ûËÅò.pdf Â∑≤Â≠òÂú®ÔºåÊó†ÈúÄËΩ¨Êç¢
DEBUG    mypy.lib.pdf.pdf_handler:pdf_handler.py:41 üîµ ÈÄöËøá pdf2image Â∫ìËΩ¨ÊàêÂõæÁâáÔºåËæìÂá∫Âà∞: /tmp/tmpe7ejqdrh
ERROR    mypy.apps.ppt2douyin.ppt_transfer:ppt_transfer.py:147 üî¥ PPT Ê†ºÂºèËΩ¨Êç¢ÂºÇÂ∏∏: expected str, bytes or os.PathLike object, not NoneType
Traceback (most recent call last):
  File "/home/runner/work/github-runner/github-runner/mypy/apps/ppt2douyin/ppt_transfer.py", line 145, in _ppt_trans
    self._ppt_handler(ppt_path, output_filepath)
  File "/home/runner/work/github-runner/github-runner/mypy/apps/ppt2douyin/ppt_transfer.py", line 52, in make_ppt2video
    ppt2video(ppt_path=ppt_path,
  File "/home/runner/work/github-runner/github-runner/mypy/lib/ppt/ppt_handler.py", line 58, in ppt2video
    PDFHandler(output_pdf_path).pdf2video(output_video_path)
  File "/home/runner/work/github-runner/github-runner/mypy/lib/pdf/pdf_handler.py", line 68, in pdf2video
    self.pdf2images(temp_dir)
  File "/home/runner/work/github-runner/github-runner/mypy/lib/pdf/pdf_handler.py", line 43, in pdf2images
    _, file_ext = os.path.splitext(self._input_pdf_path)
  File "/opt/hostedtoolcache/Python/3.9.19/x64/lib/python3.9/posixpath.py", line 118, in splitext
    p = os.fspath(p)
TypeError: expected str, bytes or os.PathLike object, not NoneType
INFO     mypy.apps.ppt2douyin.ppt_transfer:ppt_transfer.py:100 üü¢ ÂéªÈô§ „Ää/home/runner/work/github-runner/github-runner/mypy/tests/apps/ppt2douyin/Ê∂àÂåñÂÜÖÁßëÊä§Â£´ÈïøÁ´ûËÅò.pptx„Äã ‰∏≠ÁöÑÊïèÊÑü‰ø°ÊÅØ
INFO     mypy.apps.ppt2douyin.ppt_transfer:ppt_transfer.py:49 üü¢ PPT ËΩ¨Êç¢ÊàêËßÜÈ¢ëÔºåÂπ∂ÁîüÊàê‰∏ÄÂº†ÊãºÂõæ‰Ωú‰∏∫Â∞ÅÈù¢
DEBUG    mypy.lib.ppt.ppt_handler:ppt_handler.py:25 üîµ Êää PPT ËΩ¨Êàê PDF
WARNING  mypy.lib.libreoffice.libreoffice_helper:libreoffice_helper.py:69 üü† Êñá‰ª∂ /home/runner/work/github-runner/github-runner/mypy/tests/apps/ppt2douyin/_out/Ê∂àÂåñÂÜÖÁßëÊä§Â£´ÈïøÁ´ûËÅò.pdf Â∑≤Â≠òÂú®ÔºåÊó†ÈúÄËΩ¨Êç¢
DEBUG    mypy.lib.pdf.pdf_handler:pdf_handler.py:41 üîµ ÈÄöËøá pdf2image Â∫ìËΩ¨ÊàêÂõæÁâáÔºåËæìÂá∫Âà∞: /tmp/tmp33crzagx
ERROR    mypy.apps.ppt2douyin.ppt_transfer:ppt_transfer.py:147 üî¥ PPT Ê†ºÂºèËΩ¨Êç¢ÂºÇÂ∏∏: expected str, bytes or os.PathLike object, not NoneType
Traceback (most recent call last):
  File "/home/runner/work/github-runner/github-runner/mypy/apps/ppt2douyin/ppt_transfer.py", line 145, in _ppt_trans
    self._ppt_handler(ppt_path, output_filepath)
  File "/home/runner/work/github-runner/github-runner/mypy/apps/ppt2douyin/ppt_transfer.py", line 52, in make_ppt2video
    ppt2video(ppt_path=ppt_path,
  File "/home/runner/work/github-runner/github-runner/mypy/lib/ppt/ppt_handler.py", line 58, in ppt2video
    PDFHandler(output_pdf_path).pdf2video(output_video_path)
  File "/home/runner/work/github-runner/github-runner/mypy/lib/pdf/pdf_handler.py", line 68, in pdf2video
    self.pdf2images(temp_dir)
  File "/home/runner/work/github-runner/github-runner/mypy/lib/pdf/pdf_handler.py", line 43, in pdf2images
    _, file_ext = os.path.splitext(self._input_pdf_path)
  File "/opt/hostedtoolcache/Python/3.9.19/x64/lib/python3.9/posixpath.py", line 118, in splitext
    p = os.fspath(p)
TypeError: expected str, bytes or os.PathLike object, not NoneType
ERROR    mypy.apps.ppt2douyin.main:main.py:134 üî¥ RetryError[<Future at 0x7fc3f419bdf0 state=finished raised TypeError>]
Traceback (most recent call last):
  File "/opt/hostedtoolcache/Python/3.9.19/x64/lib/python3.9/site-packages/tenacity/__init__.py", line 478, in __call__
    result = fn(*args, **kwargs)
  File "/home/runner/work/github-runner/github-runner/mypy/apps/ppt2douyin/ppt_transfer.py", line 148, in _ppt_trans
    raise ex
  File "/home/runner/work/github-runner/github-runner/mypy/apps/ppt2douyin/ppt_transfer.py", line 145, in _ppt_trans
    self._ppt_handler(ppt_path, output_filepath)
  File "/home/runner/work/github-runner/github-runner/mypy/apps/ppt2douyin/ppt_transfer.py", line 52, in make_ppt2video
    ppt2video(ppt_path=ppt_path,
  File "/home/runner/work/github-runner/github-runner/mypy/lib/ppt/ppt_handler.py", line 58, in ppt2video
    PDFHandler(output_pdf_path).pdf2video(output_video_path)
  File "/home/runner/work/github-runner/github-runner/mypy/lib/pdf/pdf_handler.py", line 68, in pdf2video
    self.pdf2images(temp_dir)
  File "/home/runner/work/github-runner/github-runner/mypy/lib/pdf/pdf_handler.py", line 43, in pdf2images
    _, file_ext = os.path.splitext(self._input_pdf_path)
  File "/opt/hostedtoolcache/Python/3.9.19/x64/lib/python3.9/posixpath.py", line 118, in splitext
    p = os.fspath(p)
TypeError: expected str, bytes or os.PathLike object, not NoneType

The above exception was the direct cause of the following exception:

Traceback (most recent call last):
  File "/home/runner/work/github-runner/github-runner/mypy/apps/ppt2douyin/main.py", line 119, in main
    ppt_transfer.batch_ppt2transfer()
  File "/home/runner/work/github-runner/github-runner/mypy/apps/ppt2douyin/ppt_transfer.py", line 167, in batch_ppt2transfer
    self._ppt_trans(ppt_file)
  File "/opt/hostedtoolcache/Python/3.9.19/x64/lib/python3.9/site-packages/tenacity/__init__.py", line 336, in wrapped_f
    return copy(f, *args, **kw)
  File "/opt/hostedtoolcache/Python/3.9.19/x64/lib/python3.9/site-packages/tenacity/__init__.py", line 475, in __call__
    do = self.iter(retry_state=retry_state)
  File "/opt/hostedtoolcache/Python/3.9.19/x64/lib/python3.9/site-packages/tenacity/__init__.py", line 376, in iter
    result = action(retry_state)
  File "/opt/hostedtoolcache/Python/3.9.19/x64/lib/python3.9/site-packages/tenacity/__init__.py", line 419, in exc_check
    raise retry_exc from fut.exception()
tenacity.RetryError: RetryError[<Future at 0x7fc3f419bdf0 state=finished raised TypeError>]